#-----------------------------------------------------------
# Webtalk v2020.2 (64-bit)
# SW Build 3064766 on Wed Nov 18 09:12:45 MST 2020
# IP Build 3064653 on Wed Nov 18 14:17:31 MST 2020
# Start of session at: Thu Mar 27 15:58:30 2025
# Process ID: 6860
# Current directory: D:/working/harman_FPGA/project3_uart_sensor1_0327/project3_uart_sensor1_0327.sim/sim_1/behav/xsim
# Command line: wbtcv.exe -mode batch -source D:/working/harman_FPGA/project3_uart_sensor1_0327/project3_uart_sensor1_0327.sim/sim_1/behav/xsim/xsim.dir/tb_top_all2_behav/webtalk/xsim_webtalk.tcl -notrace
# Log file: D:/working/harman_FPGA/project3_uart_sensor1_0327/project3_uart_sensor1_0327.sim/sim_1/behav/xsim/webtalk.log
# Journal file: D:/working/harman_FPGA/project3_uart_sensor1_0327/project3_uart_sensor1_0327.sim/sim_1/behav/xsim\webtalk.jou
#-----------------------------------------------------------
source D:/working/harman_FPGA/project3_uart_sensor1_0327/project3_uart_sensor1_0327.sim/sim_1/behav/xsim/xsim.dir/tb_top_all2_behav/webtalk/xsim_webtalk.tcl -notrace
